<?xml version="1.0"?>
<link_info>
   <banner>TMS320C6x Linker PC v7.4.2</banner>
   <copyright>Copyright (c) 1996-2012 Texas Instruments Incorporated</copyright>
   <link_time>0x5220078a</link_time>
   <output_file>C:/Users/ksh/Downloads/test/test/test/../../test/Debug/test.out</output_file>
   <entry_point>
      <name>_c_int00</name>
      <address>0x34c0</address>
   </entry_point>
   <input_file_list>
      <input_file id="fl-2">
         <path>D:\qingniao\forQinghua\test\Debug\</path>
         <kind>object</kind>
         <file>timer.obj</file>
         <name>timer.obj</name>
      </input_file>
      <input_file id="fl-3">
         <path>D:\qingniao\forQinghua\test\Debug\</path>
         <kind>object</kind>
         <file>pll.obj</file>
         <name>pll.obj</name>
      </input_file>
      <input_file id="fl-4">
         <path>D:\qingniao\forQinghua\test\Debug\</path>
         <kind>object</kind>
         <file>myboot.obj</file>
         <name>myboot.obj</name>
      </input_file>
      <input_file id="fl-5">
         <path>D:\qingniao\forQinghua\test\Debug\</path>
         <kind>object</kind>
         <file>interrupt.obj</file>
         <name>interrupt.obj</name>
      </input_file>
      <input_file id="fl-6">
         <path>D:\qingniao\forQinghua\test\Debug\</path>
         <kind>object</kind>
         <file>emif.obj</file>
         <name>emif.obj</name>
      </input_file>
      <input_file id="fl-7">
         <path>D:\qingniao\forQinghua\test\Debug\</path>
         <kind>object</kind>
         <file>common.obj</file>
         <name>common.obj</name>
      </input_file>
      <input_file id="fl-8">
         <path>D:\qingniao\forQinghua\test\Debug\</path>
         <kind>object</kind>
         <file>VECTORS.obj</file>
         <name>VECTORS.obj</name>
      </input_file>
      <input_file id="fl-9">
         <path>D:\qingniao\forQinghua\test\Debug\</path>
         <kind>object</kind>
         <file>SJA1000.obj</file>
         <name>SJA1000.obj</name>
      </input_file>
      <input_file id="fl-a">
         <path>D:\qingniao\forQinghua\test\Debug\</path>
         <kind>object</kind>
         <file>CAN.obj</file>
         <name>CAN.obj</name>
      </input_file>
      <input_file id="fl-b">
         <path>D:\qingniao\forQinghua\test\Debug\</path>
         <kind>object</kind>
         <file>C67SPIM.obj</file>
         <name>C67SPIM.obj</name>
      </input_file>
      <input_file id="fl-f">
         <path>E:\ti\ccsv5\tools\compiler\c6000_7.4.2\lib\</path>
         <kind>archive</kind>
         <file>rts6700.lib</file>
         <name>boot.obj</name>
      </input_file>
      <input_file id="fl-10">
         <path>E:\ti\ccsv5\tools\compiler\c6000_7.4.2\lib\</path>
         <kind>archive</kind>
         <file>rts6700.lib</file>
         <name>divu.obj</name>
      </input_file>
      <input_file id="fl-11">
         <path>E:\ti\ccsv5\tools\compiler\c6000_7.4.2\lib\</path>
         <kind>archive</kind>
         <file>rts6700.lib</file>
         <name>exit.obj</name>
      </input_file>
      <input_file id="fl-12">
         <path>E:\ti\ccsv5\tools\compiler\c6000_7.4.2\lib\</path>
         <kind>archive</kind>
         <file>rts6700.lib</file>
         <name>args_main.obj</name>
      </input_file>
      <input_file id="fl-13">
         <path>E:\ti\ccsv5\tools\compiler\c6000_7.4.2\lib\</path>
         <kind>archive</kind>
         <file>rts6700.lib</file>
         <name>autoinit.obj</name>
      </input_file>
      <input_file id="fl-14">
         <path>E:\ti\ccsv5\tools\compiler\c6000_7.4.2\lib\</path>
         <kind>archive</kind>
         <file>rts6700.lib</file>
         <name>cpp_init.obj</name>
      </input_file>
      <input_file id="fl-15">
         <path>E:\ti\ccsv5\tools\compiler\c6000_7.4.2\lib\</path>
         <kind>archive</kind>
         <file>rts6700.lib</file>
         <name>cpy_tbl.obj</name>
      </input_file>
      <input_file id="fl-16">
         <path>E:\ti\ccsv5\tools\compiler\c6000_7.4.2\lib\</path>
         <kind>archive</kind>
         <file>rts6700.lib</file>
         <name>memcpy62.obj</name>
      </input_file>
   </input_file_list>
   <object_component_list>
      <object_component id="oc-18">
         <name>.boot_load</name>
         <load_address>0x0</load_address>
         <run_address>0x0</run_address>
         <size>0x120</size>
         <input_file_ref idref="fl-4"/>
      </object_component>
      <object_component id="oc-30">
         <name>.vectors</name>
         <load_address>0x400</load_address>
         <run_address>0x400</run_address>
         <size>0x260</size>
         <input_file_ref idref="fl-8"/>
      </object_component>
      <object_component id="oc-3c">
         <name>.bss</name>
         <uninitialized>true</uninitialized>
         <run_address>0x660</run_address>
         <size>0xc</size>
         <input_file_ref idref="fl-b"/>
      </object_component>
      <object_component id="oc-62">
         <name>.text</name>
         <load_address>0x800</load_address>
         <run_address>0x800</run_address>
         <size>0xa00</size>
         <input_file_ref idref="fl-9"/>
      </object_component>
      <object_component id="oc-6a">
         <name>.text</name>
         <load_address>0x1200</load_address>
         <run_address>0x1200</run_address>
         <size>0x940</size>
         <input_file_ref idref="fl-6"/>
      </object_component>
      <object_component id="oc-1f">
         <name>.text:retain</name>
         <load_address>0x1b40</load_address>
         <run_address>0x1b40</run_address>
         <size>0x560</size>
         <input_file_ref idref="fl-5"/>
      </object_component>
      <object_component id="oc-63">
         <name>.text</name>
         <load_address>0x20a0</load_address>
         <run_address>0x20a0</run_address>
         <size>0x4a0</size>
         <input_file_ref idref="fl-b"/>
      </object_component>
      <object_component id="oc-6b">
         <name>.text</name>
         <load_address>0x2540</load_address>
         <run_address>0x2540</run_address>
         <size>0x420</size>
         <input_file_ref idref="fl-a"/>
      </object_component>
      <object_component id="oc-6c">
         <name>.text</name>
         <load_address>0x2960</load_address>
         <run_address>0x2960</run_address>
         <size>0x2a0</size>
         <input_file_ref idref="fl-2"/>
      </object_component>
      <object_component id="oc-65">
         <name>.text:_memcpy</name>
         <load_address>0x2c00</load_address>
         <run_address>0x2c00</run_address>
         <size>0x240</size>
         <input_file_ref idref="fl-16"/>
      </object_component>
      <object_component id="oc-69">
         <name>.text</name>
         <load_address>0x2e40</load_address>
         <run_address>0x2e40</run_address>
         <size>0x1c0</size>
         <input_file_ref idref="fl-3"/>
      </object_component>
      <object_component id="oc-5f">
         <name>.text:__auto_init</name>
         <load_address>0x3000</load_address>
         <run_address>0x3000</run_address>
         <size>0x100</size>
         <input_file_ref idref="fl-13"/>
      </object_component>
      <object_component id="oc-61">
         <name>.text:_exit</name>
         <load_address>0x3100</load_address>
         <run_address>0x3100</run_address>
         <size>0xe0</size>
         <input_file_ref idref="fl-11"/>
      </object_component>
      <object_component id="oc-68">
         <name>.text</name>
         <load_address>0x31e0</load_address>
         <run_address>0x31e0</run_address>
         <size>0xe0</size>
         <input_file_ref idref="fl-5"/>
      </object_component>
      <object_component id="oc-6d">
         <name>.text:__divu</name>
         <load_address>0x32c0</load_address>
         <run_address>0x32c0</run_address>
         <size>0xc0</size>
         <input_file_ref idref="fl-10"/>
      </object_component>
      <object_component id="oc-64">
         <name>.text:_copy_in</name>
         <load_address>0x3380</load_address>
         <run_address>0x3380</run_address>
         <size>0xc0</size>
         <input_file_ref idref="fl-15"/>
      </object_component>
      <object_component id="oc-66">
         <name>.text:___TI_cpp_init</name>
         <load_address>0x3440</load_address>
         <run_address>0x3440</run_address>
         <size>0x80</size>
         <input_file_ref idref="fl-14"/>
      </object_component>
      <object_component id="oc-f">
         <name>.text:_c_int00</name>
         <load_address>0x34c0</load_address>
         <run_address>0x34c0</run_address>
         <size>0x80</size>
         <input_file_ref idref="fl-f"/>
      </object_component>
      <object_component id="oc-60">
         <name>.text:__args_main</name>
         <load_address>0x3540</load_address>
         <run_address>0x3540</run_address>
         <size>0x40</size>
         <input_file_ref idref="fl-12"/>
      </object_component>
      <object_component id="oc-67">
         <name>.text:_abort</name>
         <load_address>0x3580</load_address>
         <run_address>0x3580</run_address>
         <size>0x20</size>
         <input_file_ref idref="fl-11"/>
      </object_component>
      <object_component id="oc-45">
         <name>.stack</name>
         <uninitialized>true</uninitialized>
         <run_address>0x35a0</run_address>
         <size>0x8</size>
         <input_file_ref idref="fl-f"/>
      </object_component>
      <object_component id="oc-84">
         <name>.stack</name>
         <uninitialized>true</uninitialized>
         <run_address>0x35a0</run_address>
         <size>0x0</size>
      </object_component>
      <object_component id="oc-2b">
         <name>.cinit</name>
         <load_address>0x800002c8</load_address>
         <run_address>0x800002c8</run_address>
         <size>0x208</size>
         <input_file_ref idref="fl-7"/>
      </object_component>
      <object_component id="oc-1d">
         <name>.cinit</name>
         <load_address>0x800004d0</load_address>
         <run_address>0x800004d0</run_address>
         <size>0x48</size>
         <input_file_ref idref="fl-5"/>
      </object_component>
      <object_component id="oc-4c">
         <name>.cinit</name>
         <load_address>0x80000518</load_address>
         <run_address>0x80000518</run_address>
         <size>0x2c</size>
         <input_file_ref idref="fl-11"/>
      </object_component>
      <object_component id="oc-3e">
         <name>.cinit</name>
         <load_address>0x80000548</load_address>
         <run_address>0x80000548</run_address>
         <size>0x1c</size>
         <input_file_ref idref="fl-b"/>
      </object_component>
      <object_component id="oc-25">
         <name>.cinit</name>
         <load_address>0x80000568</load_address>
         <run_address>0x80000568</run_address>
         <size>0x1b</size>
         <input_file_ref idref="fl-6"/>
      </object_component>
      <object_component id="oc-40">
         <name>.const:.string</name>
         <load_address>0x8000058c</load_address>
         <run_address>0x8000058c</run_address>
         <size>0xcc</size>
         <input_file_ref idref="fl-b"/>
      </object_component>
      <object_component id="oc-20">
         <name>.const:.string</name>
         <load_address>0x80000658</load_address>
         <run_address>0x80000658</run_address>
         <size>0x18</size>
         <input_file_ref idref="fl-5"/>
      </object_component>
      <object_component id="oc-1e">
         <name>.far</name>
         <uninitialized>true</uninitialized>
         <run_address>0x80000270</run_address>
         <size>0x40</size>
         <input_file_ref idref="fl-5"/>
      </object_component>
      <object_component id="oc-26">
         <name>.far</name>
         <uninitialized>true</uninitialized>
         <run_address>0x800002bc</run_address>
         <size>0xb</size>
         <input_file_ref idref="fl-6"/>
      </object_component>
      <object_component id="oc-2c">
         <name>.far</name>
         <uninitialized>true</uninitialized>
         <run_address>0x80000000</run_address>
         <size>0x200</size>
         <input_file_ref idref="fl-7"/>
      </object_component>
      <object_component id="oc-3f">
         <name>.far</name>
         <uninitialized>true</uninitialized>
         <run_address>0x80000200</run_address>
         <size>0x70</size>
         <input_file_ref idref="fl-b"/>
      </object_component>
      <object_component id="oc-4d">
         <name>.far</name>
         <uninitialized>true</uninitialized>
         <run_address>0x800002b0</run_address>
         <size>0xc</size>
         <input_file_ref idref="fl-11"/>
      </object_component>
      <object_component id="oc-10">
         <name>.debug_info</name>
         <load_address>0x0</load_address>
         <run_address>0x0</run_address>
         <size>0xba3</size>
         <input_file_ref idref="fl-2"/>
      </object_component>
      <object_component id="oc-14">
         <name>.debug_info</name>
         <load_address>0xba3</load_address>
         <run_address>0xba3</run_address>
         <size>0x930</size>
         <input_file_ref idref="fl-3"/>
      </object_component>
      <object_component id="oc-19">
         <name>.debug_info</name>
         <load_address>0x14d3</load_address>
         <run_address>0x14d3</run_address>
         <size>0xf6</size>
         <input_file_ref idref="fl-4"/>
      </object_component>
      <object_component id="oc-1c">
         <name>.debug_info</name>
         <load_address>0x15c9</load_address>
         <run_address>0x15c9</run_address>
         <size>0xe0f</size>
         <input_file_ref idref="fl-5"/>
      </object_component>
      <object_component id="oc-24">
         <name>.debug_info</name>
         <load_address>0x23d8</load_address>
         <run_address>0x23d8</run_address>
         <size>0x197b</size>
         <input_file_ref idref="fl-6"/>
      </object_component>
      <object_component id="oc-2a">
         <name>.debug_info</name>
         <load_address>0x3d53</load_address>
         <run_address>0x3d53</run_address>
         <size>0x619</size>
         <input_file_ref idref="fl-7"/>
      </object_component>
      <object_component id="oc-31">
         <name>.debug_info</name>
         <load_address>0x436c</load_address>
         <run_address>0x436c</run_address>
         <size>0xf8</size>
         <input_file_ref idref="fl-8"/>
      </object_component>
      <object_component id="oc-34">
         <name>.debug_info</name>
         <load_address>0x4464</load_address>
         <run_address>0x4464</run_address>
         <size>0x15a5</size>
         <input_file_ref idref="fl-9"/>
      </object_component>
      <object_component id="oc-38">
         <name>.debug_info</name>
         <load_address>0x5a09</load_address>
         <run_address>0x5a09</run_address>
         <size>0xf53</size>
         <input_file_ref idref="fl-a"/>
      </object_component>
      <object_component id="oc-3d">
         <name>.debug_info</name>
         <load_address>0x695c</load_address>
         <run_address>0x695c</run_address>
         <size>0x11d6</size>
         <input_file_ref idref="fl-b"/>
      </object_component>
      <object_component id="oc-44">
         <name>.debug_info</name>
         <load_address>0x7b32</load_address>
         <run_address>0x7b32</run_address>
         <size>0x708</size>
         <input_file_ref idref="fl-f"/>
      </object_component>
      <object_component id="oc-48">
         <name>.debug_info</name>
         <load_address>0x823a</load_address>
         <run_address>0x823a</run_address>
         <size>0xcf</size>
         <input_file_ref idref="fl-10"/>
      </object_component>
      <object_component id="oc-4b">
         <name>.debug_info</name>
         <load_address>0x8309</load_address>
         <run_address>0x8309</run_address>
         <size>0x7f7</size>
         <input_file_ref idref="fl-11"/>
      </object_component>
      <object_component id="oc-50">
         <name>.debug_info</name>
         <load_address>0x8b00</load_address>
         <run_address>0x8b00</run_address>
         <size>0x6de</size>
         <input_file_ref idref="fl-12"/>
      </object_component>
      <object_component id="oc-53">
         <name>.debug_info</name>
         <load_address>0x91de</load_address>
         <run_address>0x91de</run_address>
         <size>0x869</size>
         <input_file_ref idref="fl-13"/>
      </object_component>
      <object_component id="oc-56">
         <name>.debug_info</name>
         <load_address>0x9a47</load_address>
         <run_address>0x9a47</run_address>
         <size>0x6e1</size>
         <input_file_ref idref="fl-14"/>
      </object_component>
      <object_component id="oc-59">
         <name>.debug_info</name>
         <load_address>0xa128</load_address>
         <run_address>0xa128</run_address>
         <size>0x7d7</size>
         <input_file_ref idref="fl-15"/>
      </object_component>
      <object_component id="oc-5c">
         <name>.debug_info</name>
         <load_address>0xa8ff</load_address>
         <run_address>0xa8ff</run_address>
         <size>0x785</size>
         <input_file_ref idref="fl-16"/>
      </object_component>
      <object_component id="oc-85">
         <name>.debug_info</name>
         <load_address>0xb084</load_address>
         <run_address>0xb084</run_address>
         <size>0x6d</size>
      </object_component>
      <object_component id="oc-11">
         <name>.debug_frame</name>
         <load_address>0x0</load_address>
         <run_address>0x0</run_address>
         <size>0x2cc</size>
         <input_file_ref idref="fl-2"/>
      </object_component>
      <object_component id="oc-15">
         <name>.debug_frame</name>
         <load_address>0x2cc</load_address>
         <run_address>0x2cc</run_address>
         <size>0x25b</size>
         <input_file_ref idref="fl-3"/>
      </object_component>
      <object_component id="oc-21">
         <name>.debug_frame</name>
         <load_address>0x527</load_address>
         <run_address>0x527</run_address>
         <size>0x3ee</size>
         <input_file_ref idref="fl-5"/>
      </object_component>
      <object_component id="oc-27">
         <name>.debug_frame</name>
         <load_address>0x915</load_address>
         <run_address>0x915</run_address>
         <size>0x3a7</size>
         <input_file_ref idref="fl-6"/>
      </object_component>
      <object_component id="oc-2d">
         <name>.debug_frame</name>
         <load_address>0xcbc</load_address>
         <run_address>0xcbc</run_address>
         <size>0x23f</size>
         <input_file_ref idref="fl-7"/>
      </object_component>
      <object_component id="oc-35">
         <name>.debug_frame</name>
         <load_address>0xefb</load_address>
         <run_address>0xefb</run_address>
         <size>0x2d3</size>
         <input_file_ref idref="fl-9"/>
      </object_component>
      <object_component id="oc-39">
         <name>.debug_frame</name>
         <load_address>0x11ce</load_address>
         <run_address>0x11ce</run_address>
         <size>0x309</size>
         <input_file_ref idref="fl-a"/>
      </object_component>
      <object_component id="oc-41">
         <name>.debug_frame</name>
         <load_address>0x14d7</load_address>
         <run_address>0x14d7</run_address>
         <size>0x2ae</size>
         <input_file_ref idref="fl-b"/>
      </object_component>
      <object_component id="oc-12">
         <name>.debug_line</name>
         <load_address>0x0</load_address>
         <run_address>0x0</run_address>
         <size>0xdf</size>
         <input_file_ref idref="fl-2"/>
      </object_component>
      <object_component id="oc-16">
         <name>.debug_line</name>
         <load_address>0xdf</load_address>
         <run_address>0xdf</run_address>
         <size>0xb1</size>
         <input_file_ref idref="fl-3"/>
      </object_component>
      <object_component id="oc-1a">
         <name>.debug_line</name>
         <load_address>0x190</load_address>
         <run_address>0x190</run_address>
         <size>0x7d</size>
         <input_file_ref idref="fl-4"/>
      </object_component>
      <object_component id="oc-22">
         <name>.debug_line</name>
         <load_address>0x20d</load_address>
         <run_address>0x20d</run_address>
         <size>0xf5</size>
         <input_file_ref idref="fl-5"/>
      </object_component>
      <object_component id="oc-28">
         <name>.debug_line</name>
         <load_address>0x302</load_address>
         <run_address>0x302</run_address>
         <size>0x281</size>
         <input_file_ref idref="fl-6"/>
      </object_component>
      <object_component id="oc-2e">
         <name>.debug_line</name>
         <load_address>0x583</load_address>
         <run_address>0x583</run_address>
         <size>0x42</size>
         <input_file_ref idref="fl-7"/>
      </object_component>
      <object_component id="oc-32">
         <name>.debug_line</name>
         <load_address>0x5c5</load_address>
         <run_address>0x5c5</run_address>
         <size>0xd0</size>
         <input_file_ref idref="fl-8"/>
      </object_component>
      <object_component id="oc-36">
         <name>.debug_line</name>
         <load_address>0x695</load_address>
         <run_address>0x695</run_address>
         <size>0x1a4</size>
         <input_file_ref idref="fl-9"/>
      </object_component>
      <object_component id="oc-3a">
         <name>.debug_line</name>
         <load_address>0x839</load_address>
         <run_address>0x839</run_address>
         <size>0x14a</size>
         <input_file_ref idref="fl-a"/>
      </object_component>
      <object_component id="oc-42">
         <name>.debug_line</name>
         <load_address>0x983</load_address>
         <run_address>0x983</run_address>
         <size>0xfb</size>
         <input_file_ref idref="fl-b"/>
      </object_component>
      <object_component id="oc-46">
         <name>.debug_line</name>
         <load_address>0xa7e</load_address>
         <run_address>0xa7e</run_address>
         <size>0x3d</size>
         <input_file_ref idref="fl-f"/>
      </object_component>
      <object_component id="oc-49">
         <name>.debug_line</name>
         <load_address>0xabb</load_address>
         <run_address>0xabb</run_address>
         <size>0x44</size>
         <input_file_ref idref="fl-10"/>
      </object_component>
      <object_component id="oc-4e">
         <name>.debug_line</name>
         <load_address>0xaff</load_address>
         <run_address>0xaff</run_address>
         <size>0x4f</size>
         <input_file_ref idref="fl-11"/>
      </object_component>
      <object_component id="oc-51">
         <name>.debug_line</name>
         <load_address>0xb4e</load_address>
         <run_address>0xb4e</run_address>
         <size>0x41</size>
         <input_file_ref idref="fl-12"/>
      </object_component>
      <object_component id="oc-54">
         <name>.debug_line</name>
         <load_address>0xb8f</load_address>
         <run_address>0xb8f</run_address>
         <size>0x47</size>
         <input_file_ref idref="fl-13"/>
      </object_component>
      <object_component id="oc-57">
         <name>.debug_line</name>
         <load_address>0xbd6</load_address>
         <run_address>0xbd6</run_address>
         <size>0x45</size>
         <input_file_ref idref="fl-14"/>
      </object_component>
      <object_component id="oc-5a">
         <name>.debug_line</name>
         <load_address>0xc1b</load_address>
         <run_address>0xc1b</run_address>
         <size>0x44</size>
         <input_file_ref idref="fl-15"/>
      </object_component>
      <object_component id="oc-5d">
         <name>.debug_line</name>
         <load_address>0xc5f</load_address>
         <run_address>0xc5f</run_address>
         <size>0x4e</size>
         <input_file_ref idref="fl-16"/>
      </object_component>
      <object_component id="oc-13">
         <name>.debug_abbrev</name>
         <load_address>0x0</load_address>
         <run_address>0x0</run_address>
         <size>0xe0</size>
         <input_file_ref idref="fl-2"/>
      </object_component>
      <object_component id="oc-17">
         <name>.debug_abbrev</name>
         <load_address>0xe0</load_address>
         <run_address>0xe0</run_address>
         <size>0x94</size>
         <input_file_ref idref="fl-3"/>
      </object_component>
      <object_component id="oc-1b">
         <name>.debug_abbrev</name>
         <load_address>0x174</load_address>
         <run_address>0x174</run_address>
         <size>0x20</size>
         <input_file_ref idref="fl-4"/>
      </object_component>
      <object_component id="oc-23">
         <name>.debug_abbrev</name>
         <load_address>0x194</load_address>
         <run_address>0x194</run_address>
         <size>0x17b</size>
         <input_file_ref idref="fl-5"/>
      </object_component>
      <object_component id="oc-29">
         <name>.debug_abbrev</name>
         <load_address>0x30f</load_address>
         <run_address>0x30f</run_address>
         <size>0x17e</size>
         <input_file_ref idref="fl-6"/>
      </object_component>
      <object_component id="oc-2f">
         <name>.debug_abbrev</name>
         <load_address>0x48d</load_address>
         <run_address>0x48d</run_address>
         <size>0xcf</size>
         <input_file_ref idref="fl-7"/>
      </object_component>
      <object_component id="oc-33">
         <name>.debug_abbrev</name>
         <load_address>0x55c</load_address>
         <run_address>0x55c</run_address>
         <size>0x20</size>
         <input_file_ref idref="fl-8"/>
      </object_component>
      <object_component id="oc-37">
         <name>.debug_abbrev</name>
         <load_address>0x57c</load_address>
         <run_address>0x57c</run_address>
         <size>0x11b</size>
         <input_file_ref idref="fl-9"/>
      </object_component>
      <object_component id="oc-3b">
         <name>.debug_abbrev</name>
         <load_address>0x697</load_address>
         <run_address>0x697</run_address>
         <size>0x122</size>
         <input_file_ref idref="fl-a"/>
      </object_component>
      <object_component id="oc-43">
         <name>.debug_abbrev</name>
         <load_address>0x7b9</load_address>
         <run_address>0x7b9</run_address>
         <size>0x157</size>
         <input_file_ref idref="fl-b"/>
      </object_component>
      <object_component id="oc-47">
         <name>.debug_abbrev</name>
         <load_address>0x910</load_address>
         <run_address>0x910</run_address>
         <size>0xfe</size>
         <input_file_ref idref="fl-f"/>
      </object_component>
      <object_component id="oc-4a">
         <name>.debug_abbrev</name>
         <load_address>0xa0e</load_address>
         <run_address>0xa0e</run_address>
         <size>0x3a</size>
         <input_file_ref idref="fl-10"/>
      </object_component>
      <object_component id="oc-4f">
         <name>.debug_abbrev</name>
         <load_address>0xa48</load_address>
         <run_address>0xa48</run_address>
         <size>0x119</size>
         <input_file_ref idref="fl-11"/>
      </object_component>
      <object_component id="oc-52">
         <name>.debug_abbrev</name>
         <load_address>0xb61</load_address>
         <run_address>0xb61</run_address>
         <size>0xe1</size>
         <input_file_ref idref="fl-12"/>
      </object_component>
      <object_component id="oc-55">
         <name>.debug_abbrev</name>
         <load_address>0xc42</load_address>
         <run_address>0xc42</run_address>
         <size>0x13f</size>
         <input_file_ref idref="fl-13"/>
      </object_component>
      <object_component id="oc-58">
         <name>.debug_abbrev</name>
         <load_address>0xd81</load_address>
         <run_address>0xd81</run_address>
         <size>0xdd</size>
         <input_file_ref idref="fl-14"/>
      </object_component>
      <object_component id="oc-5b">
         <name>.debug_abbrev</name>
         <load_address>0xe5e</load_address>
         <run_address>0xe5e</run_address>
         <size>0x10c</size>
         <input_file_ref idref="fl-15"/>
      </object_component>
      <object_component id="oc-5e">
         <name>.debug_abbrev</name>
         <load_address>0xf6a</load_address>
         <run_address>0xf6a</run_address>
         <size>0xd5</size>
         <input_file_ref idref="fl-16"/>
      </object_component>
      <object_component id="oc-86">
         <name>.debug_abbrev</name>
         <load_address>0x103f</load_address>
         <run_address>0x103f</run_address>
         <size>0xd</size>
      </object_component>
   </object_component_list>
   <logical_group_list>
      <logical_group id="lg-2">
         <name>.boot_load</name>
         <load_address>0x0</load_address>
         <run_address>0x0</run_address>
         <size>0x120</size>
         <contents>
            <object_component_ref idref="oc-18"/>
         </contents>
      </logical_group>
      <logical_group id="lg-3">
         <name>.vectors</name>
         <load_address>0x400</load_address>
         <run_address>0x400</run_address>
         <size>0x260</size>
         <contents>
            <object_component_ref idref="oc-30"/>
         </contents>
      </logical_group>
      <logical_group id="lg-4">
         <name>.bss</name>
         <run_address>0x660</run_address>
         <size>0xc</size>
         <contents>
            <object_component_ref idref="oc-3c"/>
         </contents>
      </logical_group>
      <logical_group id="lg-5">
         <name>.text</name>
         <load_address>0x800</load_address>
         <run_address>0x800</run_address>
         <size>0x2da0</size>
         <contents>
            <object_component_ref idref="oc-62"/>
            <object_component_ref idref="oc-6a"/>
            <object_component_ref idref="oc-1f"/>
            <object_component_ref idref="oc-63"/>
            <object_component_ref idref="oc-6b"/>
            <object_component_ref idref="oc-6c"/>
            <object_component_ref idref="oc-65"/>
            <object_component_ref idref="oc-69"/>
            <object_component_ref idref="oc-5f"/>
            <object_component_ref idref="oc-61"/>
            <object_component_ref idref="oc-68"/>
            <object_component_ref idref="oc-6d"/>
            <object_component_ref idref="oc-64"/>
            <object_component_ref idref="oc-66"/>
            <object_component_ref idref="oc-f"/>
            <object_component_ref idref="oc-60"/>
            <object_component_ref idref="oc-67"/>
         </contents>
      </logical_group>
      <logical_group id="lg-6">
         <name>.stack</name>
         <run_address>0x35a0</run_address>
         <size>0x2000</size>
         <contents>
            <object_component_ref idref="oc-45"/>
            <object_component_ref idref="oc-84"/>
         </contents>
      </logical_group>
      <logical_group id="lg-7">
         <name>.cinit</name>
         <load_address>0x800002c8</load_address>
         <run_address>0x800002c8</run_address>
         <size>0x2c4</size>
         <contents>
            <object_component_ref idref="oc-2b"/>
            <object_component_ref idref="oc-1d"/>
            <object_component_ref idref="oc-4c"/>
            <object_component_ref idref="oc-3e"/>
            <object_component_ref idref="oc-25"/>
         </contents>
      </logical_group>
      <logical_group id="lg-8">
         <name>.const</name>
         <load_address>0x8000058c</load_address>
         <run_address>0x8000058c</run_address>
         <size>0xe4</size>
         <contents>
            <object_component_ref idref="oc-40"/>
            <object_component_ref idref="oc-20"/>
         </contents>
      </logical_group>
      <logical_group id="lg-9">
         <name>.data</name>
         <run_address>0x80000000</run_address>
         <size>0x0</size>
         <contents>
         </contents>
      </logical_group>
      <logical_group id="lg-a">
         <name>.switch</name>
         <run_address>0x0</run_address>
         <size>0x0</size>
         <contents>
         </contents>
      </logical_group>
      <logical_group id="lg-b">
         <name>.far</name>
         <run_address>0x80000000</run_address>
         <size>0x2c7</size>
         <contents>
            <object_component_ref idref="oc-1e"/>
            <object_component_ref idref="oc-26"/>
            <object_component_ref idref="oc-2c"/>
            <object_component_ref idref="oc-3f"/>
            <object_component_ref idref="oc-4d"/>
         </contents>
      </logical_group>
      <logical_group id="lg-c">
         <name>.cio</name>
         <run_address>0x0</run_address>
         <size>0x0</size>
         <contents>
         </contents>
      </logical_group>
      <logical_group id="lg-d">
         <name>.sysmem</name>
         <run_address>0x0</run_address>
         <size>0x0</size>
         <contents>
         </contents>
      </logical_group>
      <logical_group id="lg-e">
         <name>.tables</name>
         <run_address>0x0</run_address>
         <size>0x0</size>
         <contents>
         </contents>
      </logical_group>
      <logical_group id="lg-7b">
         <name>.debug_info</name>
         <load_address>0x0</load_address>
         <run_address>0x0</run_address>
         <size>0xb0f1</size>
         <contents>
            <object_component_ref idref="oc-10"/>
            <object_component_ref idref="oc-14"/>
            <object_component_ref idref="oc-19"/>
            <object_component_ref idref="oc-1c"/>
            <object_component_ref idref="oc-24"/>
            <object_component_ref idref="oc-2a"/>
            <object_component_ref idref="oc-31"/>
            <object_component_ref idref="oc-34"/>
            <object_component_ref idref="oc-38"/>
            <object_component_ref idref="oc-3d"/>
            <object_component_ref idref="oc-44"/>
            <object_component_ref idref="oc-48"/>
            <object_component_ref idref="oc-4b"/>
            <object_component_ref idref="oc-50"/>
            <object_component_ref idref="oc-53"/>
            <object_component_ref idref="oc-56"/>
            <object_component_ref idref="oc-59"/>
            <object_component_ref idref="oc-5c"/>
            <object_component_ref idref="oc-85"/>
         </contents>
      </logical_group>
      <logical_group id="lg-7d">
         <name>.debug_frame</name>
         <load_address>0x0</load_address>
         <run_address>0x0</run_address>
         <size>0x1785</size>
         <contents>
            <object_component_ref idref="oc-11"/>
            <object_component_ref idref="oc-15"/>
            <object_component_ref idref="oc-21"/>
            <object_component_ref idref="oc-27"/>
            <object_component_ref idref="oc-2d"/>
            <object_component_ref idref="oc-35"/>
            <object_component_ref idref="oc-39"/>
            <object_component_ref idref="oc-41"/>
         </contents>
      </logical_group>
      <logical_group id="lg-7f">
         <name>.debug_line</name>
         <load_address>0x0</load_address>
         <run_address>0x0</run_address>
         <size>0xcad</size>
         <contents>
            <object_component_ref idref="oc-12"/>
            <object_component_ref idref="oc-16"/>
            <object_component_ref idref="oc-1a"/>
            <object_component_ref idref="oc-22"/>
            <object_component_ref idref="oc-28"/>
            <object_component_ref idref="oc-2e"/>
            <object_component_ref idref="oc-32"/>
            <object_component_ref idref="oc-36"/>
            <object_component_ref idref="oc-3a"/>
            <object_component_ref idref="oc-42"/>
            <object_component_ref idref="oc-46"/>
            <object_component_ref idref="oc-49"/>
            <object_component_ref idref="oc-4e"/>
            <object_component_ref idref="oc-51"/>
            <object_component_ref idref="oc-54"/>
            <object_component_ref idref="oc-57"/>
            <object_component_ref idref="oc-5a"/>
            <object_component_ref idref="oc-5d"/>
         </contents>
      </logical_group>
      <logical_group id="lg-81">
         <name>.debug_abbrev</name>
         <load_address>0x0</load_address>
         <run_address>0x0</run_address>
         <size>0x104c</size>
         <contents>
            <object_component_ref idref="oc-13"/>
            <object_component_ref idref="oc-17"/>
            <object_component_ref idref="oc-1b"/>
            <object_component_ref idref="oc-23"/>
            <object_component_ref idref="oc-29"/>
            <object_component_ref idref="oc-2f"/>
            <object_component_ref idref="oc-33"/>
            <object_component_ref idref="oc-37"/>
            <object_component_ref idref="oc-3b"/>
            <object_component_ref idref="oc-43"/>
            <object_component_ref idref="oc-47"/>
            <object_component_ref idref="oc-4a"/>
            <object_component_ref idref="oc-4f"/>
            <object_component_ref idref="oc-52"/>
            <object_component_ref idref="oc-55"/>
            <object_component_ref idref="oc-58"/>
            <object_component_ref idref="oc-5b"/>
            <object_component_ref idref="oc-5e"/>
            <object_component_ref idref="oc-86"/>
         </contents>
      </logical_group>
   </logical_group_list>
   <placement_map>
      <memory_area>
         <name>boot_load</name>
         <page_id>0x0</page_id>
         <origin>0x0</origin>
         <length>0x400</length>
         <used_space>0x120</used_space>
         <unused_space>0x2e0</unused_space>
         <attributes>RWIX</attributes>
         <usage_details>
            <allocated_space>
               <start_address>0x0</start_address>
               <size>0x120</size>
               <logical_group_ref idref="lg-2"/>
            </allocated_space>
            <available_space>
               <start_address>0x120</start_address>
               <size>0x2e0</size>
            </available_space>
         </usage_details>
      </memory_area>
      <memory_area>
         <name>ARAM</name>
         <page_id>0x0</page_id>
         <origin>0x400</origin>
         <length>0x400</length>
         <used_space>0x26c</used_space>
         <unused_space>0x194</unused_space>
         <attributes>RWIX</attributes>
         <usage_details>
            <allocated_space>
               <start_address>0x400</start_address>
               <size>0x260</size>
               <logical_group_ref idref="lg-3"/>
            </allocated_space>
            <allocated_space>
               <start_address>0x660</start_address>
               <size>0xc</size>
               <logical_group_ref idref="lg-4"/>
            </allocated_space>
            <available_space>
               <start_address>0x66c</start_address>
               <size>0x194</size>
            </available_space>
         </usage_details>
      </memory_area>
      <memory_area>
         <name>IRAM</name>
         <page_id>0x0</page_id>
         <origin>0x800</origin>
         <length>0x3f000</length>
         <used_space>0x4da0</used_space>
         <unused_space>0x3a260</unused_space>
         <attributes>RWIX</attributes>
         <usage_details>
            <allocated_space>
               <start_address>0x800</start_address>
               <size>0x2da0</size>
               <logical_group_ref idref="lg-5"/>
            </allocated_space>
            <allocated_space>
               <start_address>0x35a0</start_address>
               <size>0x2000</size>
               <logical_group_ref idref="lg-6"/>
            </allocated_space>
            <available_space>
               <start_address>0x55a0</start_address>
               <size>0x3a260</size>
            </available_space>
         </usage_details>
      </memory_area>
      <memory_area>
         <name>ORAM</name>
         <page_id>0x0</page_id>
         <origin>0x80000000</origin>
         <length>0x7fffff</length>
         <used_space>0x66f</used_space>
         <unused_space>0x7ff990</unused_space>
         <attributes>RWIX</attributes>
         <usage_details>
            <allocated_space>
               <start_address>0x80000000</start_address>
               <size>0x0</size>
               <logical_group_ref idref="lg-9"/>
            </allocated_space>
            <allocated_space>
               <start_address>0x80000000</start_address>
               <size>0x2c7</size>
               <logical_group_ref idref="lg-b"/>
            </allocated_space>
            <available_space>
               <start_address>0x800002c7</start_address>
               <size>0x1</size>
            </available_space>
            <allocated_space>
               <start_address>0x800002c8</start_address>
               <size>0x2c4</size>
               <logical_group_ref idref="lg-7"/>
            </allocated_space>
            <allocated_space>
               <start_address>0x8000058c</start_address>
               <size>0xe4</size>
               <logical_group_ref idref="lg-8"/>
            </allocated_space>
            <available_space>
               <start_address>0x80000670</start_address>
               <size>0x7ff98f</size>
            </available_space>
         </usage_details>
      </memory_area>
   </placement_map>
   <symbol_table>
      <symbol id="sm-0">
         <name>cinit</name>
         <value>0x800002c8</value>
      </symbol>
      <symbol id="sm-1">
         <name>___cinit__</name>
         <value>0x800002c8</value>
      </symbol>
      <symbol id="sm-2">
         <name>pinit</name>
         <value>0xffffffff</value>
      </symbol>
      <symbol id="sm-3">
         <name>___pinit__</name>
         <value>0xffffffff</value>
      </symbol>
      <symbol id="sm-4">
         <name>binit</name>
         <value>0xffffffff</value>
      </symbol>
      <symbol id="sm-5">
         <name>___binit__</name>
         <value>0xffffffff</value>
      </symbol>
      <symbol id="sm-6">
         <name>__STACK_SIZE</name>
         <value>0x2000</value>
      </symbol>
      <symbol id="sm-7">
         <name>__STACK_END</name>
         <value>0x55a0</value>
      </symbol>
      <symbol id="sm-8">
         <name>___c_args__</name>
         <value>0xffffffff</value>
      </symbol>
      <symbol id="sm-9">
         <name>.text</name>
         <value>0x800</value>
      </symbol>
      <symbol id="sm-a">
         <name>___text__</name>
         <value>0x800</value>
      </symbol>
      <symbol id="sm-b">
         <name>etext</name>
         <value>0x35a0</value>
      </symbol>
      <symbol id="sm-c">
         <name>___etext__</name>
         <value>0x35a0</value>
      </symbol>
      <symbol id="sm-d">
         <name>.data</name>
         <value>0x80000000</value>
      </symbol>
      <symbol id="sm-e">
         <name>___data__</name>
         <value>0x80000000</value>
      </symbol>
      <symbol id="sm-f">
         <name>edata</name>
         <value>0x80000000</value>
      </symbol>
      <symbol id="sm-10">
         <name>___edata__</name>
         <value>0x80000000</value>
      </symbol>
      <symbol id="sm-11">
         <name>.bss</name>
         <value>0x660</value>
      </symbol>
      <symbol id="sm-12">
         <name>___bss__</name>
         <value>0x660</value>
      </symbol>
      <symbol id="sm-13">
         <name>end</name>
         <value>0x66c</value>
      </symbol>
      <symbol id="sm-14">
         <name>___end__</name>
         <value>0x66c</value>
      </symbol>
      <symbol id="sm-15">
         <name>___TI_pprof_out_hndl</name>
         <value>0xffffffff</value>
      </symbol>
      <symbol id="sm-16">
         <name>___TI_prof_data_start</name>
         <value>0xffffffff</value>
      </symbol>
      <symbol id="sm-17">
         <name>___TI_prof_data_size</name>
         <value>0xffffffff</value>
      </symbol>
      <symbol id="sm-18">
         <name>$bss</name>
         <value>0x660</value>
      </symbol>
      <symbol id="sm-56">
         <name>_timer_stop_timer</name>
         <value>0x2a1c</value>
         <object_component_ref idref="oc-6c"/>
      </symbol>
      <symbol id="sm-57">
         <name>_timer_set_and_start_timer</name>
         <value>0x2960</value>
         <object_component_ref idref="oc-6c"/>
      </symbol>
      <symbol id="sm-58">
         <name>_timer_counter_sub</name>
         <value>0x2a50</value>
         <object_component_ref idref="oc-6c"/>
      </symbol>
      <symbol id="sm-59">
         <name>_timer_delay</name>
         <value>0x2b00</value>
         <object_component_ref idref="oc-6c"/>
      </symbol>
      <symbol id="sm-5a">
         <name>_timer_read_timer</name>
         <value>0x29e8</value>
         <object_component_ref idref="oc-6c"/>
      </symbol>
      <symbol id="sm-80">
         <name>_pll_initial</name>
         <value>0x2e40</value>
         <object_component_ref idref="oc-69"/>
      </symbol>
      <symbol id="sm-8d">
         <name>_boot</name>
         <value>0x0</value>
         <object_component_ref idref="oc-18"/>
      </symbol>
      <symbol id="sm-aa">
         <name>_interrupt_can1_rxd_isr</name>
         <value>0x1b40</value>
         <object_component_ref idref="oc-1f"/>
      </symbol>
      <symbol id="sm-ab">
         <name>_interrupt_timer0_selftest_isr</name>
         <value>0x1f28</value>
         <object_component_ref idref="oc-1f"/>
      </symbol>
      <symbol id="sm-ac">
         <name>_interrupt_hook</name>
         <value>0x323c</value>
         <object_component_ref idref="oc-68"/>
      </symbol>
      <symbol id="sm-ad">
         <name>_interrupt_initial</name>
         <value>0x31e0</value>
         <object_component_ref idref="oc-68"/>
      </symbol>
      <symbol id="sm-ae">
         <name>_interrupt_can2_rxd_isr</name>
         <value>0x1d34</value>
         <object_component_ref idref="oc-1f"/>
      </symbol>
      <symbol id="sm-af">
         <name>_isr_jump_table</name>
         <value>0x80000270</value>
         <object_component_ref idref="oc-1e"/>
      </symbol>
      <symbol id="sm-10c">
         <name>_emif_decvfg_int</name>
         <value>0x1238</value>
         <object_component_ref idref="oc-6a"/>
      </symbol>
      <symbol id="sm-10d">
         <name>_emif_sdram_test_fill</name>
         <value>0x1290</value>
         <object_component_ref idref="oc-6a"/>
      </symbol>
      <symbol id="sm-10e">
         <name>_emif_unlock_flash_erase</name>
         <value>0x1a30</value>
         <object_component_ref idref="oc-6a"/>
      </symbol>
      <symbol id="sm-10f">
         <name>_emif_ini</name>
         <value>0x1200</value>
         <object_component_ref idref="oc-6a"/>
      </symbol>
      <symbol id="sm-110">
         <name>_emif_unlock_flash_program</name>
         <value>0x1a84</value>
         <object_component_ref idref="oc-6a"/>
      </symbol>
      <symbol id="sm-111">
         <name>_emif_sdram_setup</name>
         <value>0x1254</value>
         <object_component_ref idref="oc-6a"/>
      </symbol>
      <symbol id="sm-112">
         <name>_emif_flash_sector_erase</name>
         <value>0x179c</value>
         <object_component_ref idref="oc-6a"/>
      </symbol>
      <symbol id="sm-113">
         <name>_emif_write_flash_in_16bits</name>
         <value>0x197c</value>
         <object_component_ref idref="oc-6a"/>
      </symbol>
      <symbol id="sm-114">
         <name>_erase_sequence</name>
         <value>0x800002bc</value>
         <object_component_ref idref="oc-26"/>
      </symbol>
      <symbol id="sm-115">
         <name>_emif_flash_sector_erase_toggle</name>
         <value>0x1610</value>
         <object_component_ref idref="oc-6a"/>
      </symbol>
      <symbol id="sm-116">
         <name>_program_sequence</name>
         <value>0x800002c4</value>
         <object_component_ref idref="oc-26"/>
      </symbol>
      <symbol id="sm-117">
         <name>_emif_flash_programing_poll</name>
         <value>0x18b0</value>
         <object_component_ref idref="oc-6a"/>
      </symbol>
      <symbol id="sm-118">
         <name>_emif_lock_flash_program</name>
         <value>0x1af8</value>
         <object_component_ref idref="oc-6a"/>
      </symbol>
      <symbol id="sm-119">
         <name>_emif_sdram_test_clear</name>
         <value>0x13c4</value>
         <object_component_ref idref="oc-6a"/>
      </symbol>
      <symbol id="sm-11a">
         <name>_emif_flash_program_test</name>
         <value>0x14dc</value>
         <object_component_ref idref="oc-6a"/>
      </symbol>
      <symbol id="sm-11b">
         <name>_emif_lock_flash_erase</name>
         <value>0x1ab4</value>
         <object_component_ref idref="oc-6a"/>
      </symbol>
      <symbol id="sm-127">
         <name>_CRC_TABLE</name>
         <value>0x80000000</value>
         <object_component_ref idref="oc-2c"/>
      </symbol>
      <symbol id="sm-139">
         <name>_INT4</name>
         <value>0x480</value>
         <object_component_ref idref="oc-30"/>
      </symbol>
      <symbol id="sm-13a">
         <name>_INT5</name>
         <value>0x4a0</value>
         <object_component_ref idref="oc-30"/>
      </symbol>
      <symbol id="sm-13b">
         <name>_RESV2</name>
         <value>0x460</value>
         <object_component_ref idref="oc-30"/>
      </symbol>
      <symbol id="sm-13c">
         <name>_RESV1</name>
         <value>0x440</value>
         <object_component_ref idref="oc-30"/>
      </symbol>
      <symbol id="sm-13d">
         <name>_istp</name>
         <value>0x400</value>
         <object_component_ref idref="oc-30"/>
      </symbol>
      <symbol id="sm-13e">
         <name>_unexp_int06</name>
         <value>0x610</value>
         <object_component_ref idref="oc-30"/>
      </symbol>
      <symbol id="sm-13f">
         <name>_unexp_int07</name>
         <value>0x618</value>
         <object_component_ref idref="oc-30"/>
      </symbol>
      <symbol id="sm-140">
         <name>_unexp_int04</name>
         <value>0x600</value>
         <object_component_ref idref="oc-30"/>
      </symbol>
      <symbol id="sm-141">
         <name>_unexp_int05</name>
         <value>0x608</value>
         <object_component_ref idref="oc-30"/>
      </symbol>
      <symbol id="sm-142">
         <name>_unexp_int08</name>
         <value>0x620</value>
         <object_component_ref idref="oc-30"/>
      </symbol>
      <symbol id="sm-143">
         <name>_unexp_int09</name>
         <value>0x628</value>
         <object_component_ref idref="oc-30"/>
      </symbol>
      <symbol id="sm-144">
         <name>_unexp_int14</name>
         <value>0x650</value>
         <object_component_ref idref="oc-30"/>
      </symbol>
      <symbol id="sm-145">
         <name>_unexp_int15</name>
         <value>0x658</value>
         <object_component_ref idref="oc-30"/>
      </symbol>
      <symbol id="sm-146">
         <name>_unexp_int12</name>
         <value>0x640</value>
         <object_component_ref idref="oc-30"/>
      </symbol>
      <symbol id="sm-147">
         <name>_unexp_int13</name>
         <value>0x648</value>
         <object_component_ref idref="oc-30"/>
      </symbol>
      <symbol id="sm-148">
         <name>_unexp_int10</name>
         <value>0x630</value>
         <object_component_ref idref="oc-30"/>
      </symbol>
      <symbol id="sm-149">
         <name>_unexp_int11</name>
         <value>0x638</value>
         <object_component_ref idref="oc-30"/>
      </symbol>
      <symbol id="sm-14a">
         <name>_RESET</name>
         <value>0x400</value>
         <object_component_ref idref="oc-30"/>
      </symbol>
      <symbol id="sm-14b">
         <name>_NMI</name>
         <value>0x420</value>
         <object_component_ref idref="oc-30"/>
      </symbol>
      <symbol id="sm-1e9">
         <name>_Sja1k_Chip_Init</name>
         <value>0x888</value>
         <object_component_ref idref="oc-62"/>
      </symbol>
      <symbol id="sm-1ea">
         <name>_Sja1k_Write_Byte</name>
         <value>0x800</value>
         <object_component_ref idref="oc-62"/>
      </symbol>
      <symbol id="sm-1eb">
         <name>_Sja1k_CAN_Msg_Send</name>
         <value>0xdb0</value>
         <object_component_ref idref="oc-62"/>
      </symbol>
      <symbol id="sm-1ec">
         <name>_Sja1k_CAN_Msg_Read</name>
         <value>0xfcc</value>
         <object_component_ref idref="oc-62"/>
      </symbol>
      <symbol id="sm-1ed">
         <name>_Sja1k_Read_Byte</name>
         <value>0x83c</value>
         <object_component_ref idref="oc-62"/>
      </symbol>
      <symbol id="sm-20b">
         <name>_CAN_UnpackageReceiveCANFrame</name>
         <value>0x27d8</value>
         <object_component_ref idref="oc-6b"/>
      </symbol>
      <symbol id="sm-20c">
         <name>_CAN_dispatch_transmit_CANMessages</name>
         <value>0x2730</value>
         <object_component_ref idref="oc-6b"/>
      </symbol>
      <symbol id="sm-20d">
         <name>_CAN_init_can_queue</name>
         <value>0x263c</value>
         <object_component_ref idref="oc-6b"/>
      </symbol>
      <symbol id="sm-20e">
         <name>_CAN_init</name>
         <value>0x2540</value>
         <object_component_ref idref="oc-6b"/>
      </symbol>
      <symbol id="sm-20f">
         <name>_CAN_PackageTransmitCANMessages</name>
         <value>0x27f0</value>
         <object_component_ref idref="oc-6b"/>
      </symbol>
      <symbol id="sm-210">
         <name>_CAN_dispatch_receive_CANMessages</name>
         <value>0x26bc</value>
         <object_component_ref idref="oc-6b"/>
      </symbol>
      <symbol id="sm-211">
         <name>_CAN_init_can_frame</name>
         <value>0x259c</value>
         <object_component_ref idref="oc-6b"/>
      </symbol>
      <symbol id="sm-261">
         <name>_init_uart</name>
         <value>0x20a0</value>
         <object_component_ref idref="oc-63"/>
      </symbol>
      <symbol id="sm-262">
         <name>_flash_flag</name>
         <value>0x665</value>
         <object_component_ref idref="oc-3c"/>
      </symbol>
      <symbol id="sm-263">
         <name>_can2_txd</name>
         <value>0x8000021c</value>
         <object_component_ref idref="oc-3f"/>
      </symbol>
      <symbol id="sm-264">
         <name>_main</name>
         <value>0x2170</value>
         <object_component_ref idref="oc-63"/>
      </symbol>
      <symbol id="sm-265">
         <name>_can1_rxd</name>
         <value>0x80000238</value>
         <object_component_ref idref="oc-3f"/>
      </symbol>
      <symbol id="sm-266">
         <name>_totalTime</name>
         <value>0x660</value>
         <object_component_ref idref="oc-3c"/>
      </symbol>
      <symbol id="sm-267">
         <name>_delay</name>
         <value>0x668</value>
         <object_component_ref idref="oc-3c"/>
      </symbol>
      <symbol id="sm-268">
         <name>_uart_puts</name>
         <value>0x2108</value>
         <object_component_ref idref="oc-63"/>
      </symbol>
      <symbol id="sm-269">
         <name>_uart_putc</name>
         <value>0x20d0</value>
         <object_component_ref idref="oc-63"/>
      </symbol>
      <symbol id="sm-26a">
         <name>_can2_rxd</name>
         <value>0x80000254</value>
         <object_component_ref idref="oc-3f"/>
      </symbol>
      <symbol id="sm-26b">
         <name>_sdram_flag</name>
         <value>0x664</value>
         <object_component_ref idref="oc-3c"/>
      </symbol>
      <symbol id="sm-26c">
         <name>_can1_txd</name>
         <value>0x80000200</value>
         <object_component_ref idref="oc-3f"/>
      </symbol>
      <symbol id="sm-278">
         <name>_c_int00</name>
         <value>0x34c0</value>
         <object_component_ref idref="oc-f"/>
      </symbol>
      <symbol id="sm-279">
         <name>__stack</name>
         <value>0x35a0</value>
         <object_component_ref idref="oc-45"/>
      </symbol>
      <symbol id="sm-281">
         <name>__c6xabi_divu</name>
         <value>0x32c0</value>
         <object_component_ref idref="oc-6d"/>
      </symbol>
      <symbol id="sm-282">
         <name>__divu</name>
         <value>0x32c0</value>
         <object_component_ref idref="oc-6d"/>
      </symbol>
      <symbol id="sm-292">
         <name>C$$EXIT</name>
         <value>0x3580</value>
         <object_component_ref idref="oc-67"/>
      </symbol>
      <symbol id="sm-293">
         <name>_exit</name>
         <value>0x3100</value>
         <object_component_ref idref="oc-61"/>
      </symbol>
      <symbol id="sm-294">
         <name>___TI_enable_exit_profile_output</name>
         <value>0x800002b8</value>
         <object_component_ref idref="oc-4d"/>
      </symbol>
      <symbol id="sm-295">
         <name>_abort</name>
         <value>0x3580</value>
         <object_component_ref idref="oc-67"/>
      </symbol>
      <symbol id="sm-296">
         <name>__cleanup_ptr</name>
         <value>0x800002b0</value>
         <object_component_ref idref="oc-4d"/>
      </symbol>
      <symbol id="sm-297">
         <name>__dtors_ptr</name>
         <value>0x800002b4</value>
         <object_component_ref idref="oc-4d"/>
      </symbol>
      <symbol id="sm-2a1">
         <name>__args_main</name>
         <value>0x3540</value>
         <object_component_ref idref="oc-60"/>
      </symbol>
      <symbol id="sm-2a2">
         <name>__TI_args_main</name>
         <value>0x1</value>
      </symbol>
      <symbol id="sm-2ac">
         <name>__auto_init</name>
         <value>0x3000</value>
         <object_component_ref idref="oc-5f"/>
      </symbol>
      <symbol id="sm-2b6">
         <name>___TI_cpp_init</name>
         <value>0x3440</value>
         <object_component_ref idref="oc-66"/>
      </symbol>
      <symbol id="sm-2c0">
         <name>_copy_in</name>
         <value>0x3380</value>
         <object_component_ref idref="oc-64"/>
      </symbol>
      <symbol id="sm-2ca">
         <name>_memcpy</name>
         <value>0x2c00</value>
         <object_component_ref idref="oc-65"/>
      </symbol>
   </symbol_table>
</link_info>
